_ _ _ _ _ _ _ _ _ Aboat time
_ _ _ _ _ _ _ At last
_ _ _ _ _ _ _ _ _ _ Beeracuda
_ _ _ _ Friendship
_ _ _ _ _ Gypsea
_ _ _ _ _ _ _ _ Hydro therapy
In deep ship
_ _ Island Time
_ _ _ _ _ _ _ _ _ _ Just add wind
_ _ _ Knot on call
Liquid asset
Nacho Boat
_ _ _ _ _ _ _ _ No Regrets
_ _ _ _ _ _ _ Piece of ship
_ Plan C
_ _ _ _ _ _ _ _ _ _ Pura vida
_ _ _ _ _ _ Real time
_ _ _ _ _ Sea Ya
_ _ _ _ _ _ _ Ship faced
_ _ Zombies can't swim
