_ _ _ _ Aboat time
Aquaholic
_ At last
_ Beeracuda
_ Ctrl + Alt + Delete
_ _ _ Dock Holiday
Error 404 Fish not found
_ _ _ _ _ Fantasea
_ Finally
_ _ _ Fishful thinkin'
Flash
_ _ _ Friendship
Grouds for divorce
_ _ _ _ Hydro therapy
_ _ _ _ _ In deep ship
Just add wind
_ _ _ _ _ _ _ Knot for sail
_ _ Knot paid for
_ _ Little boat
_ _ Miss conduct
_ _ _ _ _ Nacho Boat
_ No Regrets
_ _ _ _ _ _ Pier pressure
_ _ _ _ Plan C
_ _ _ _ _ _ Real time
_ Rock bottom
_ _ Sea Senora
_ _ _ _ Sea Ya
_ Ship faced
_ _ Tax Sea-vation
_ _ _ _ _ _ The salt shaker
Titanic II
Water runner
_ What's up dock ?
_ _ _ Zombies can't swim
