_ _ _ _ _ _ Amy's wine-house
_ _ _ _ _ Berth control
_ Breaking Bass
_ _ _ _ Docked wages
Eclipse
_ _ _ _ _ _ Eggs-ta-Sea
_ Favorite mistake
_ Fishizzle
_ _ Forced family fun
_ _ _ Gypsea
Gypsies on Sea
Hakuna matata
_ _ _ _ _ Happy hours
_ _ _ _ _ Hurricane
_ _ _ _ In a meeting
In solvant Sea
Insubmersible 2
_ _ _ _ Irish wake
Island Time
_ _ Knot on call
Liquid asset
_ Main mistress
_ _ _ _ Meteor
_ _ _ No worries
_ On the rocks
_ _ _ _ _ _ Piece of ship
_ _ _ Plan B
_ _ Pura vida
_ Rock bottom
_ _ _ _ _ _ _ Serenity
_ She got the house
_ _ Unfathomable
_ _ Unsinkable II
_ Usain Boat
_ _ _ Water you lookin'at ?
